Release 14.7 - xst P.20131013 (nt64)
Copyright (c) 1995-2013 Xilinx, Inc.  All rights reserved.
--> Parameter TMPDIR set to xst/projnav.tmp


Total REAL time to Xst completion: 0.00 secs
Total CPU time to Xst completion: 0.12 secs
 
--> Parameter xsthdpdir set to xst


Total REAL time to Xst completion: 0.00 secs
Total CPU time to Xst completion: 0.13 secs
 
--> Reading design: Color2BW.prj

TABLE OF CONTENTS
  1) Synthesis Options Summary
  2) HDL Parsing
  3) HDL Elaboration
  4) HDL Synthesis
       4.1) HDL Synthesis Report
  5) Advanced HDL Synthesis
       5.1) Advanced HDL Synthesis Report
  6) Low Level Synthesis
  7) Partition Report
  8) Design Summary
       8.1) Primitive and Black Box Usage
       8.2) Device utilization summary
       8.3) Partition Resource Summary
       8.4) Timing Report
            8.4.1) Clock Information
            8.4.2) Asynchronous Control Signals Information
            8.4.3) Timing Summary
            8.4.4) Timing Details
            8.4.5) Cross Clock Domains Report


=========================================================================
*                      Synthesis Options Summary                        *
=========================================================================
---- Source Parameters
Input File Name                    : "Color2BW.prj"
Ignore Synthesis Constraint File   : NO

---- Target Parameters
Output File Name                   : "Color2BW"
Output Format                      : NGC
Target Device                      : xc7a100t-1-csg324

---- Source Options
Top Module Name                    : Color2BW
Automatic FSM Extraction           : YES
FSM Encoding Algorithm             : Auto
Safe Implementation                : No
FSM Style                          : LUT
RAM Extraction                     : Yes
RAM Style                          : Auto
ROM Extraction                     : Yes
Shift Register Extraction          : YES
ROM Style                          : Auto
Resource Sharing                   : YES
Asynchronous To Synchronous        : NO
Shift Register Minimum Size        : 2
Use DSP Block                      : Auto
Automatic Register Balancing       : No

---- Target Options
LUT Combining                      : Auto
Reduce Control Sets                : Auto
Add IO Buffers                     : YES
Global Maximum Fanout              : 100000
Add Generic Clock Buffer(BUFG)     : 32
Register Duplication               : YES
Optimize Instantiated Primitives   : NO
Use Clock Enable                   : Auto
Use Synchronous Set                : Auto
Use Synchronous Reset              : Auto
Pack IO Registers into IOBs        : Auto
Equivalent register Removal        : YES

---- General Options
Optimization Goal                  : Speed
Optimization Effort                : 1
Power Reduction                    : NO
Keep Hierarchy                     : No
Netlist Hierarchy                  : As_Optimized
RTL Output                         : Yes
Global Optimization                : AllClockNets
Read Cores                         : YES
Write Timing Constraints           : NO
Cross Clock Analysis               : NO
Hierarchy Separator                : /
Bus Delimiter                      : <>
Case Specifier                     : Maintain
Slice Utilization Ratio            : 100
BRAM Utilization Ratio             : 100
DSP48 Utilization Ratio            : 100
Auto BRAM Packing                  : NO
Slice Utilization Ratio Delta      : 5

=========================================================================


=========================================================================
*                          HDL Parsing                                  *
=========================================================================
Analyzing Verilog file "C:\Users\uttej\Desktop\My Docs\DSD assignment\assignment2\phase1\Question1\Color2BW.v" into library work
Parsing module <Color2BW>.

=========================================================================
*                            HDL Elaboration                            *
=========================================================================

Elaborating module <Color2BW>.

=========================================================================
*                           HDL Synthesis                               *
=========================================================================

Synthesizing Unit <Color2BW>.
    Related source file is "C:\Users\uttej\Desktop\My Docs\DSD assignment\assignment2\phase1\Question1\Color2BW.v".
    Found 16-bit subtractor for signal <tempGreen2> created at line 39.
    Found 14-bit adder for signal <n0041[13:0]> created at line 33.
    Found 11-bit adder for signal <n0044[10:0]> created at line 34.
    Found 16-bit adder for signal <tempRed2> created at line 35.
    Found 16-bit adder for signal <n0034> created at line 37.
    Found 12-bit adder for signal <n0053[11:0]> created at line 38.
    Found 13-bit adder for signal <n0056[12:0]> created at line 42.
    Found 16-bit adder for signal <tempOut> created at line 45.
    Found 16-bit adder for signal <tempOut1> created at line 46.
    Summary:
	inferred   9 Adder/Subtractor(s).
Unit <Color2BW> synthesized.

=========================================================================
HDL Synthesis Report

Macro Statistics
# Adders/Subtractors                                   : 9
 11-bit adder                                          : 1
 12-bit adder                                          : 1
 13-bit adder                                          : 1
 14-bit adder                                          : 1
 16-bit adder                                          : 4
 16-bit subtractor                                     : 1

=========================================================================

=========================================================================
*                       Advanced HDL Synthesis                          *
=========================================================================


Synthesizing (advanced) Unit <Color2BW>.
	The following adders/subtractors are grouped into adder tree <Madd_tempOut11> :
 	<Madd_n0041[13:0]> in block <Color2BW>, 	<Madd_n0044[10:0]> in block <Color2BW>, 	<Madd_n0034> in block <Color2BW>, 	<Madd_n0053[11:0]> in block <Color2BW>, 	<Madd_n0056[12:0]> in block <Color2BW>.
	The following adders/subtractors are grouped into adder tree <Madd_tempOut2> :
 	<Madd_tempRed2> in block <Color2BW>, 	<Msub_tempGreen2> in block <Color2BW>.
Unit <Color2BW> synthesized (advanced).

=========================================================================
Advanced HDL Synthesis Report

Macro Statistics
# Adder Trees                                          : 1
 16-bit / 10-inputs adder tree                         : 1

=========================================================================

=========================================================================
*                         Low Level Synthesis                           *
=========================================================================

Optimizing unit <Color2BW> ...

Mapping all equations...
Building and optimizing final netlist ...
Found area constraint ratio of 100 (+ 5) on block Color2BW, actual ratio is 0.

Final Macro Processing ...

=========================================================================
Final Register Report

Found no macro
=========================================================================

=========================================================================
*                           Partition Report                            *
=========================================================================

Partition Implementation Status
-------------------------------

  No Partitions were found in this design.

-------------------------------

=========================================================================
*                            Design Summary                             *
=========================================================================

Top Level Output File Name         : Color2BW.ngc

Primitive and Black Box Usage:
------------------------------
# BELS                             : 187
#      GND                         : 1
#      LUT1                        : 2
#      LUT2                        : 38
#      LUT3                        : 28
#      LUT4                        : 7
#      LUT5                        : 9
#      LUT6                        : 17
#      MUXCY                       : 45
#      XORCY                       : 40
# IO Buffers                       : 32
#      IBUF                        : 24
#      OBUF                        : 8

Device utilization summary:
---------------------------

Selected Device : 7a100tcsg324-1 


Slice Logic Utilization: 
 Number of Slice LUTs:                  101  out of  63400     0%  
    Number used as Logic:               101  out of  63400     0%  

Slice Logic Distribution: 
 Number of LUT Flip Flop pairs used:    101
   Number with an unused Flip Flop:     101  out of    101   100%  
   Number with an unused LUT:             0  out of    101     0%  
   Number of fully used LUT-FF pairs:     0  out of    101     0%  
   Number of unique control sets:         0

IO Utilization: 
 Number of IOs:                          32
 Number of bonded IOBs:                  32  out of    210    15%  

Specific Feature Utilization:

---------------------------
Partition Resource Summary:
---------------------------

  No Partitions were found in this design.

---------------------------


=========================================================================
Timing Report

NOTE: THESE TIMING NUMBERS ARE ONLY A SYNTHESIS ESTIMATE.
      FOR ACCURATE TIMING INFORMATION PLEASE REFER TO THE TRACE REPORT
      GENERATED AFTER PLACE-and-ROUTE.

Clock Information:
------------------
No clock signals found in this design

Asynchronous Control Signals Information:
----------------------------------------
No asynchronous control signals found in this design

Timing Summary:
---------------
Speed Grade: -1

   Minimum period: No path found
   Minimum input arrival time before clock: No path found
   Maximum output required time after clock: No path found
   Maximum combinational path delay: 9.360ns

Timing Details:
---------------
All values displayed in nanoseconds (ns)

=========================================================================
Timing constraint: Default path analysis
  Total number of paths / destination ports: 27035 / 8
-------------------------------------------------------------------------
Delay:               9.360ns (Levels of Logic = 14)
  Source:            colorGreen<0> (PAD)
  Destination:       out<7> (PAD)

  Data Path: colorGreen<0> to out<7>
                                Gate     Net
    Cell:in->out      fanout   Delay   Delay  Logical Name (Net Name)
    ----------------------------------------  ------------
     IBUF:I->O            12   0.001   1.011  colorGreen_0_IBUF (ADDERTREE_INTERNAL_Madd_110)
     LUT6:I0->O            2   0.124   0.925  ADDERTREE_INTERNAL_Madd5_cy<0>71 (ADDERTREE_INTERNAL_Madd5_cy<0>6)
     LUT5:I0->O            2   0.124   0.925  ADDERTREE_INTERNAL_Madd5_cy<0>81 (ADDERTREE_INTERNAL_Madd5_cy<0>7)
     LUT5:I0->O            4   0.124   0.959  ADDERTREE_INTERNAL_Madd5_cy<0>91 (ADDERTREE_INTERNAL_Madd5_cy<0>8)
     LUT6:I0->O            4   0.124   0.939  ADDERTREE_INTERNAL_Madd5_cy<0>101 (ADDERTREE_INTERNAL_Madd5_cy<0>9)
     LUT5:I0->O            1   0.124   0.919  ADDERTREE_INTERNAL_Madd5_cy<0>111 (ADDERTREE_INTERNAL_Madd5_cy<0>10)
     LUT6:I1->O            1   0.124   0.000  ADDERTREE_INTERNAL_Madd7_lut<0>12 (ADDERTREE_INTERNAL_Madd7_lut<0>12)
     MUXCY:S->O            1   0.472   0.000  ADDERTREE_INTERNAL_Madd7_cy<0>_11 (ADDERTREE_INTERNAL_Madd7_cy<0>12)
     MUXCY:CI->O           1   0.029   0.000  ADDERTREE_INTERNAL_Madd7_cy<0>_12 (ADDERTREE_INTERNAL_Madd7_cy<0>13)
     XORCY:CI->O           1   0.510   0.421  ADDERTREE_INTERNAL_Madd7_xor<0>_13 (ADDERTREE_INTERNAL_Madd_147)
     LUT2:I1->O            1   0.124   0.000  ADDERTREE_INTERNAL_Madd8_lut<14> (ADDERTREE_INTERNAL_Madd8_lut<14>)
     MUXCY:S->O            0   0.472   0.000  ADDERTREE_INTERNAL_Madd8_cy<14> (ADDERTREE_INTERNAL_Madd8_cy<14>)
     XORCY:CI->O           1   0.510   0.399  ADDERTREE_INTERNAL_Madd8_xor<15> (out_7_OBUF)
     OBUF:I->O                 0.000          out_7_OBUF (out<7>)
    ----------------------------------------
    Total                      9.360ns (2.862ns logic, 6.498ns route)
                                       (30.6% logic, 69.4% route)

=========================================================================

Cross Clock Domains Report:
--------------------------

=========================================================================


Total REAL time to Xst completion: 9.00 secs
Total CPU time to Xst completion: 8.93 secs
 
--> 

Total memory usage is 459968 kilobytes

Number of errors   :    0 (   0 filtered)
Number of warnings :    0 (   0 filtered)
Number of infos    :    0 (   0 filtered)

